[colorlib.com/wp/template/directoryads/index.html]
[backblue.gif]
[fade.gif]
[index.html]
[colorlib.com/wp/wp-content/uploads/sites/2/colorlib-logo-top.png]
[colorlib.com/wp/wp-content/uploads/sites/2/directoryads-free-template.jpg]
[colorlib.com/wp/wp-content/plugins/js_composer/assets/css/js_composer.mine1b2.css]
[colorlib.com/wp/wp-content/cache/flying-press/colorlib.com/47cdb0e81ea3.style.min.css]
[colorlib.com/wp/wp-content/plugins/easy-digital-downloads/includes/blocks/build/checkout/style-index001e.css]
[colorlib.com/wp/wp-content/cache/flying-press/colorlib.com/1a0804b1a9d0.classic-themes.min.css]
[colorlib.com/wp/wp-content/plugins/add-search-to-menu/public/css/ivory-search.mind03b.css]
[colorlib.com/wp/wp-content/themes/c551/styleae48.css]
[colorlib.com/wp/wp-content/themes/v3ct/styled03b.css]
[colorlib.com/wp/wp-content/themes/c551/assets/css/wpex-mobile-menu-breakpoint-maxd03b.css]
[colorlib.com/wp/wp-content/themes/c551/assets/css/wpex-mobile-menu-breakpoint-mind03b.css]
[colorlib.com/wp/wp-content/themes/c551/assets/css/wpex-wpbakeryd03b.css]
[colorlib.com/wp/wp-content/themes/c551/assets/lib/ticons/css/ticons.mind03b.css]
[colorlib.com/wp/wp-content/themes/c551/assets/css/vcex-shortcodesd03b.css]
[colorlib.com/wp/wp-content/plugins/meks-smart-author-widget/css/stylec358.css]
[colorlib.com/wp/wp-includes/js/jquery/jquery.min8ce2.js]
[colorlib.com/wp/wp-content/uploads/sites/2/2014/05/colorlib-favicon.png]
[colorlib.com/wp/wp-content/uploads/sites/2/2014/05/apple-colorlib-icon.png]
[colorlib.com/wp/wp-content/uploads/sites/2/2014/05/ipad-colorlib.png]
[colorlib.com/wp/wp-content/uploads/sites/2/2014/05/apple-retina-colorlib.png]
[colorlib.com/wp/wp-content/uploads/sites/2/2014/05/ipad-retina-colorlib.png]
[colorlib.com/wp/wp-content/uploads/sites/2/jobsco-free-template-353x278.jpg]
[colorlib.com/wp/wp-content/uploads/sites/2/glint-simple-website-template-353x292.jpg]
[colorlib.com/wp/wp-content/uploads/sites/2/hamlet-free-template-1-353x278.jpg]
[colorlib.com/wp/wp-content/uploads/sites/2/cozastore-free-template-353x278.jpg]
[colorlib.com/wp/wp-content/uploads/sites/2/imagine-free-template-353x278.jpg]
[colorlib.com/wp/wp-content/uploads/sites/2/transcend-free-template-1-353x278.jpg]
[colorlib.com/wp/wp-content/plugins/colorlib-shop/assets/css/mainae48.css]
[colorlib.com/wp/wp-content/plugins/js_composer/assets/lib/bower/font-awesome/css/v4-shims.mine1b2.css]
[colorlib.com/wp/wp-content/plugins/js_composer/assets/lib/bower/font-awesome/css/all.mine1b2.css]
[colorlib.com/wp/wp-content/plugins/flying-press/assets/preload.min5b31.js]
[colorlib.com/wp/wp-content/themes/c551/assets/js/dynamic/wp/wpex-comment-reply.min4250.js]
[colorlib.com/wp/wp-content/themes/c551/assets/js/dynamic/wpex-sidr.mind03b.js]
[colorlib.com/wp/wp-content/themes/c551/assets/js/vendors/jquery.easing.min9e1e.js]
[colorlib.com/wp/wp-content/themes/c551/assets/js/total.mind03b.js]
[colorlib.com/wp/wp-content/plugins/add-search-to-menu/public/js/ivory-search.mind03b.js]
[colorlib.com/wp/wp-content/themes/c551/assets/js/dynamic/wpex-social-share.mind03b.js]
[secure.gaug.es/track.js]
[colorlib.com/wp/template/directoryads/index.html]
[colorlib.com/wp/wp-content/plugins/js_composer/assets/vc/alert.png]
[colorlib.com/wp/wp-content/plugins/js_composer/assets/vc/info.png]
[colorlib.com/wp/wp-content/plugins/js_composer/assets/vc/tick.png]
[colorlib.com/wp/wp-content/plugins/js_composer/assets/vc/exclamation.png]
[colorlib.com/wp/wp-content/plugins/js_composer/assets/images/icons/address-book.png]
[colorlib.com/wp/wp-content/plugins/js_composer/assets/images/icons/alarm-clock.png]
[colorlib.com/wp/wp-content/plugins/js_composer/assets/images/icons/anchor.png]
[colorlib.com/wp/wp-content/plugins/js_composer/assets/images/icons/application-image.png]
[colorlib.com/wp/wp-content/plugins/js_composer/assets/images/icons/arrow.png]
[colorlib.com/wp/wp-content/plugins/js_composer/assets/images/icons/asterisk.png]
[colorlib.com/wp/wp-content/plugins/js_composer/assets/images/icons/auction-hammer.png]
[colorlib.com/wp/wp-content/plugins/js_composer/assets/images/icons/balloon.png]
[colorlib.com/wp/wp-content/plugins/js_composer/assets/images/icons/balloon-buzz.png]
[colorlib.com/wp/wp-content/plugins/js_composer/assets/images/icons/balloon-facebook.png]
[colorlib.com/wp/wp-content/plugins/js_composer/assets/images/icons/balloon-twitter.png]
[colorlib.com/wp/wp-content/plugins/js_composer/assets/images/icons/battery-full.png]
[colorlib.com/wp/wp-content/plugins/js_composer/assets/images/icons/binocular.png]
[colorlib.com/wp/wp-content/plugins/js_composer/assets/images/icons/blue-document-excel.png]
[colorlib.com/wp/wp-content/plugins/js_composer/assets/images/icons/blue-document-image.png]
[colorlib.com/wp/wp-content/plugins/js_composer/assets/images/icons/blue-document-music.png]
[colorlib.com/wp/wp-content/plugins/js_composer/assets/images/icons/blue-document-office.png]
[colorlib.com/wp/wp-content/plugins/js_composer/assets/images/icons/blue-document-pdf.png]
[colorlib.com/wp/wp-content/plugins/js_composer/assets/images/icons/blue-document-powerpoint.png]
[colorlib.com/wp/wp-content/plugins/js_composer/assets/images/icons/blue-document-word.png]
[colorlib.com/wp/wp-content/plugins/js_composer/assets/images/icons/bookmark.png]
[colorlib.com/wp/wp-content/plugins/js_composer/assets/images/icons/camcorder.png]
[colorlib.com/wp/wp-content/plugins/js_composer/assets/images/icons/camera.png]
[colorlib.com/wp/wp-content/plugins/js_composer/assets/images/icons/chart.png]
[colorlib.com/wp/wp-content/plugins/js_composer/assets/images/icons/chart-pie.png]
[colorlib.com/wp/wp-content/plugins/js_composer/assets/images/icons/clock.png]
[colorlib.com/wp/wp-content/plugins/js_composer/assets/images/icons/control.png]
[colorlib.com/wp/wp-content/plugins/js_composer/assets/images/icons/fire.png]
[colorlib.com/wp/wp-content/plugins/js_composer/assets/images/icons/heart.png]
[colorlib.com/wp/wp-content/plugins/js_composer/assets/images/icons/mail.png]
[colorlib.com/wp/wp-content/plugins/js_composer/assets/images/icons/plus-shield.png]
[colorlib.com/wp/wp-content/plugins/js_composer/assets/images/icons/video.png]
[colorlib.com/wp/wp-content/plugins/js_composer/assets/images/toggle_open.png]
[colorlib.com/wp/wp-content/plugins/js_composer/assets/images/toggle_close.png]
[colorlib.com/wp/wp-content/plugins/js_composer/assets/images/flickr.png]
[colorlib.com/wp/wp-content/plugins/js_composer/assets/images/spinner.gif]
[colorlib.com/wp/wp-content/plugins/js_composer/assets/vc/remove.png]
[colorlib.com/wp/wp-content/plugins/js_composer/assets/css/js_composer.mine1b2.css]
[colorlib.com/wp/wp-content/cache/flying-press/colorlib.com/47cdb0e81ea3.style.min.css]
[colorlib.com/wp/wp-content/plugins/easy-digital-downloads/includes/blocks/build/checkout/style-index001e.css]
[colorlib.com/wp/wp-content/cache/flying-press/colorlib.com/1a0804b1a9d0.classic-themes.min.css]
[colorlib.com/wp/wp-content/plugins/add-search-to-menu/public/css/ivory-search.mind03b.css]
[colorlib.com/wp/wp-content/themes/c551/assets/images/quote.png]
[colorlib.com/wp/wp-content/themes/c551/assets/images/dotted-overlay.png]
[colorlib.com/wp/wp-content/themes/c551/assets/images/dashed-overlay.png]
[colorlib.com/wp/wp-content/themes/c551/styleae48.css]
[colorlib.com/wp/wp-content/themes/v3ct/styled03b.css]
[colorlib.com/wp/wp-content/themes/c551/assets/css/wpex-mobile-menu-breakpoint-maxd03b.css]
[colorlib.com/wp/wp-content/themes/c551/assets/css/wpex-mobile-menu-breakpoint-mind03b.css]
[colorlib.com/wp/wp-content/themes/c551/assets/css/wpex-wpbakeryd03b.css]
[colorlib.com/wp/wp-content/themes/c551/assets/lib/ticons/css/ticons.mind03b.css]
[colorlib.com/wp/wp-content/themes/c551/assets/cursors/close.ico]
[colorlib.com/wp/wp-content/themes/c551/assets/images/bullets/check.png]
[colorlib.com/wp/wp-content/themes/c551/assets/images/bullets/gray.png]
[colorlib.com/wp/wp-content/themes/c551/assets/images/bullets/blue.png]
[colorlib.com/wp/wp-content/themes/c551/assets/images/bullets/red.png]
[colorlib.com/wp/wp-content/themes/c551/assets/images/bullets/purple.png]
[colorlib.com/wp/wp-content/themes/c551/assets/images/dotted.png]
[colorlib.com/wp/wp-content/themes/c551/assets/css/vcex-shortcodesd03b.css]
[colorlib.com/wp/wp-content/plugins/meks-smart-author-widget/css/stylec358.css]
[colorlib.com/cdn-cgi/zaraz/sd0d9.js]
[colorlib.com/wp/wp-content/plugins/colorlib-shop/assets/css/mainae48.css]
[colorlib.com/wp/wp-content/plugins/js_composer/assets/lib/bower/font-awesome/css/v4-shims.mine1b2.css]
[colorlib.com/wp/wp-content/plugins/js_composer/assets/lib/bower/font-awesome/css/all.mine1b2.css]
