[themewagon.com/themes/industro/index.html]
[themewagon.com/wp-content/plugins/w3-total-cache/pub/js/lazyload.min.js]
[www.google.com/recaptcha/api.js]
[widget.freshworks.com/widgetBase/bootstrap.js]
[themewagon.com/wp-content/plugins/woodiscuz-woocommerce-comments/files/img/x.png]
[backblue.gif]
[fade.gif]
[index.html]
[themewagon.com/wp-includes/css/dist/block-library/style.min6a4d.css]
[themewagon.com/wp-content/plugins/woocommerce/packages/woocommerce-blocks/build/wc-blocks-vendors-style556e.css]
[themewagon.com/themes/industro/feed/index.html]
[themewagon.com/wp-content/plugins/woocommerce/packages/woocommerce-blocks/build/wc-blocks-style556e.css]
[themewagon.com/wp-includes/css/classic-themes.min68b3.css]
[themewagon.com/wp-content/plugins/contact-form-7/includes/css/styles4999.css]
[themewagon.com/wp-content/plugins/woo-custom-related-products/public/css/woo-custom-related-products-public.css]
[themewagon.com/wp-content/plugins/woocommerce-products-filter/css/front9e1e.css]
[themewagon.com/wp-content/plugins/woocommerce-products-filter/img/delete.png]
[themewagon.com/wp-content/plugins/woocommerce-products-filter/js/chosen/chosen.min9e1e.css]
[themewagon.com/wp-content/plugins/woodiscuz-woocommerce-comments/files/third-party/modal-box/modal-boxde92.css]
[themewagon.com/wp-content/plugins/woodiscuz-woocommerce-comments/files/css/fvde92.css]
[themewagon.com/wp-content/plugins/woodiscuz-woocommerce-comments/files/third-party/tooltipster/css/tooltipsterde92.css]
[themewagon.com/wp-content/plugins/woodiscuz-woocommerce-comments/files/css/woodiscuz-frontendde92.css]
[themewagon.com/wp-content/plugins/if-menu/assets/if-menu-site6a4d.css]
[themewagon.com/wp-content/plugins/woocommerce-gateway-stripe/assets/css/stripe-stylesb324.css]
[themewagon.com/wp-content/themes/themewagon/dist/styles/appd2f4.css]
[themewagon.com/wp-includes/js/jquery/jquery.mina7a0.js]
[themewagon.com/wp-content/plugins/woo-custom-related-products/public/js/woo-custom-related-products-public.js]
[themewagon.com/wp-content/plugins/woodiscuz-woocommerce-comments/files/js/validator8a54.js]
[themewagon.com/wp-content/plugins/woodiscuz-woocommerce-comments/files/js/wpc-ajaxde92.js]
[themewagon.com/wp-content/plugins/woodiscuz-woocommerce-comments/files/js/jquery.cookie330a.js]
[themewagon.com/wp-content/plugins/woodiscuz-woocommerce-comments/files/third-party/tooltipster/js/jquery.tooltipster.min62ea.js]
[themewagon.com/wp-content/plugins/woodiscuz-woocommerce-comments/files/js/jquery.autogrowtextarea.min6aec.js]
[themewagon.com/wp-content/plugins/woocommerce/assets/js/frontend/tokenization-form.min9c05.js]
[themewagon.com/wp-content/uploads/2021/04/cropped-favicon-32x32.png]
[themewagon.com/wp-content/uploads/2021/04/cropped-favicon-192x192.png]
[themewagon.com/wp-content/uploads/2021/04/cropped-favicon-180x180.png]
[themewagon.com/wp-content/uploads/2022/11/industro.png]
[themewagon.com/wp-content/plugins/woodiscuz-woocommerce-comments/files/img/loader/ajax-loader-200x200.gif]
[themewagon.com/cdn-cgi/scripts/5c5dd728/cloudflare-static/email-decode.min.js]
[cdn.carbonads.com/carbon24c8.js]
[themewagon.com/wp-content/plugins/woocommerce-products-filter/js/tooltip/css/tooltipster.bundle.min9e1e.css]
[themewagon.com/wp-content/plugins/woocommerce-products-filter/js/tooltip/css/plugins/tooltipster/sideTip/themes/tooltipster-sideTip-noir.min9e1e.css]
[themewagon.com/wp-content/plugins/contact-form-7/includes/swv/js/index4999.js]
[themewagon.com/wp-content/plugins/contact-form-7/includes/js/index4999.js]
[themewagon.com/wp-content/plugins/woocommerce/assets/js/frontend/single-product.min9c05.js]
[themewagon.com/wp-content/plugins/woocommerce/assets/js/jquery-blockui/jquery.blockUI.minc993.js]
[themewagon.com/wp-content/plugins/woocommerce/assets/js/js-cookie/js.cookie.minc97d.js]
[themewagon.com/wp-content/plugins/woocommerce/assets/js/frontend/woocommerce.min9c05.js]
[themewagon.com/wp-content/plugins/woocommerce/assets/js/frontend/cart-fragments.min9c05.js]
[themewagon.com/wp-content/plugins/woodiscuz-woocommerce-comments/files/js/wpc-footer-script62ea.js]
[themewagon.com/wp-content/plugins/woocommerce/assets/js/jquery-payment/jquery.payment.mind84b.js]
[themewagon.com/wp-content/plugins/woocommerce-gateway-stripe/assets/js/stripe.minb324.js]
[www.google.com/recaptcha/apifd67.js]
[themewagon.com/wp-includes/js/dist/vendor/regenerator-runtime.min3937.js]
[themewagon.com/wp-includes/js/dist/vendor/wp-polyfill.min2c7c.js]
[themewagon.com/wp-content/plugins/contact-form-7/modules/recaptcha/index4999.js]
[themewagon.com/wp-content/themes/themewagon/dist/scripts/vendor8739.js]
[cdnjs.cloudflare.com/ajax/libs/lottie-web/5.7.6/lottie.min.js]
[themewagon.com/wp-content/themes/themewagon/dist/scripts/app4053.js]
[themewagon.com/wp-includes/js/comment-reply.min6a4d.js]
[themewagon.com/wp-content/plugins/woocommerce-products-filter/js/tooltip/js/tooltipster.bundle.min9e1e.js]
[themewagon.com/wp-content/plugins/woocommerce-products-filter/js/front9e1e.js]
[themewagon.com/wp-content/plugins/woocommerce-products-filter/js/html_types/radio9e1e.js]
[themewagon.com/wp-content/plugins/woocommerce-products-filter/js/html_types/checkbox9e1e.js]
[themewagon.com/wp-content/plugins/woocommerce-products-filter/js/html_types/select9e1e.js]
[themewagon.com/wp-content/plugins/woocommerce-products-filter/js/html_types/mselect9e1e.js]
[themewagon.com/wp-content/plugins/woocommerce-products-filter/js/chosen/chosen.jquery9e1e.js]
[themewagon.com/themes/industro/index.html]
[themewagon.com/wp-includes/css/dist/block-library/style.min6a4d.css]
[themewagon.com/wp-content/plugins/woocommerce/packages/woocommerce-blocks/build/wc-blocks-vendors-style556e.css]
[themewagon.com/wp-content/plugins/woocommerce/packages/woocommerce-blocks/build/wc-blocks-style556e.css]
[themewagon.com/wp-includes/css/classic-themes.min68b3.css]
[themewagon.com/wp-content/plugins/contact-form-7/includes/css/styles4999.css]
[themewagon.com/wp-content/plugins/woo-custom-related-products/public/css/woo-custom-related-products-public.css]
[themewagon.com/wp-content/plugins/woocommerce-products-filter/css/front9e1e.css]
[kit.fontawesome.com/15a40e8318.js]
[themewagon.com/wp-content/plugins/woocommerce-products-filter/js/chosen/chosen-sprite.png]
[themewagon.com/wp-content/plugins/woocommerce-products-filter/js/chosen/chosen-sprite@2x.png]
[themewagon.com/wp-content/plugins/woocommerce-products-filter/js/chosen/chosen.min9e1e.css]
[themewagon.com/wp-content/plugins/woodiscuz-woocommerce-comments/files/third-party/modal-box/modal-boxde92.css]
[themewagon.com/wp-content/plugins/woodiscuz-woocommerce-comments/files/css/fvde92.css]
[themewagon.com/wp-content/plugins/woodiscuz-woocommerce-comments/files/third-party/tooltipster/css/tooltipsterde92.css]
[themewagon.com/wp-content/plugins/woodiscuz-woocommerce-comments/files/css/woodiscuz-frontendde92.css]
[themewagon.com/wp-content/plugins/if-menu/assets/if-menu-site6a4d.css]
[themewagon.com/wp-content/plugins/woocommerce-gateway-stripe/assets/css/stripe-stylesb324.css]
[themewagon.com/wp-content/themes/themewagon/dist/styles/appd2f4.css]
[themewagon.com/wp-content/plugins/woocommerce-products-filter/js/tooltip/css/tooltipster.bundle.min9e1e.css]
[themewagon.com/wp-content/plugins/woocommerce-products-filter/js/tooltip/css/plugins/tooltipster/sideTip/themes/tooltipster-sideTip-noir.min9e1e.css]
[themewagon.com/wp-content/plugins/if-menu/assets/icon-visibility.svg]
[themewagon.com/wp-content/plugins/if-menu/assets/icon-visibility.svg]
